NTTLDUBAALNRNREOMSVN
ALAWMBHCRODKSGVPAOTA
IAAAACCIKUSAANERDNNE
DBHUHOAHWIEESOLENVOL
NYAKGLECISNTCRCVAIMR
IYMENUBSTVIOIFJISLUO
PKOEIMGIAIOSTOBLHLAW
RTGYMBNLNLMAYLYTVEHE
MIRTRUOONLSPOKRNIHCN
EOEIISLPIEELSONELSLA
MRVCBTTACIDEWSOWLAOD
PTNYGPUENIHTESTYELSR
HEEELALNIPROGDSOULAO
IDDSYUSNCORLOIURWANF
SHYRULAIFRQEHPOKWDGT
IEAENONMATODDAHMAQER
LRTJOLOYELAODRDBIJLA
OONDTATKNAKDRDNTMAEH
PMAMYFSOENLNKNALACSR
AILIAFOGWDAOAALOIKPS

AKRON
ATLANTA
BALTIMORE
BIRMINGHAM
BOSTON
BUFFALO
CHAUMONT
CHICAGO
CINCINNATI
CLEVELAND
COLUMBUS
DALLAS
DAYTON
DENVER
DES MOINES
DETROIT
EL PASO
FORT WORTH
GRAND RAPIDS
HARTFORD
HOUSTON
INDIANAPOLIS
JACKSONVILLE
JERSEY CITY
KANSAS CITY
LIVERPOOL
LONG BEACH
LOS ANGELES
LOUISVILLE
MEMPHIS
MIAMI
MILWAUKEE
MINNEAPOLIS
NASHVILLE
NEWARK
NEW ORLEANS
NEW YORK
NORFOLK
OAKLAND
OKLAHOMA CITY
OMAHA
OSWEGO
PHILADELPHIA
PITTSBURGH
PORTLAND
PROVIDENCE
RICHMOND
ROCHESTER
ST LOUIS
ST PAUL
SALT LAKE CITY
SAN ANTONIO
SAN DIEGO
SAN FRANCISCO
SEATTLE
SYRACUSE
TOLEDO
TULSA
WASHINGTON
WORCESTER
YOUNGSTOWN

Slow search: 
AKRON[(2,11)(18,11)]
ATLANTA[(1,2)(15,2)]
BALTIMORE[(3,1)(15,1)]
BIRMINGHAM[(10,4)(1,4)]
BOSTON[(0,6)(15,6)]
BUFFALO[(1,5)(15,5)]
CHAUMONT[(8,18)(1,18)]
CHICAGO[(4,7)(18,7)]
CINCINNATI[(13,8)(4,8)]
CLEVELAND[(4,14)(16,14)]
COLUMBUS[(2,5)(9,5)]
DALLAS[(14,17)(9,17)]
DAYTON[(0,4)(15,4)]
DENVER[(13,2)(8,2)]
DES MOINES[(10,10)(2,10)]
DETROIT[(13,1)(7,1)]
EL PASO[(10,11)(5,11)]
FORT WORTH[(14,8)(6,16)]
GRAND RAPIDS[(1,13)(11,13)]
HARTFORD[(17,19)(10,19)]
HOUSTON[(15,14)(9,14)]
INDIANAPOLIS[(5,0)(14,0)]
JACKSONVILLE[(16,17)(7,17)]
JERSEY CITY[(16,3)(7,3)]
KANSAS CITY[(18,12)(7,12)]
LIVERPOOL[(6,15)(18,15)]
LONG BEACH[(9,6)(1,6)]
LOS ANGELES[(9,18)(18,18)]
LOUISVILLE[(0,9)(9,9)]
MEMPHIS[(8,0)(14,0)]
MIAMI[(0,16)(16,16)]
MILWAUKEE[(18,3)(6,3)]
MINNEAPOLIS[(15,7)(5,7)]
NASHVILLE[(3,16)(11,16)]
NEWARK[(17,8)(2,8)]
NEW ORLEANS[(8,19)(19,19)]
NEW YORK[(8,15)(14,15)]
NORFOLK[(2,13)(8,13)]
OAKLAND[(15,10)(1,10)]
OKLAHOMA CITY[MISSING]
OMAHA[(6,2)(2,2)]
OSWEGO[(8,12)(13,12)]
PHILADELPHIA[MISSING]
PITTSBURGH[MISSING]
PORTLAND[(12,9)(19,9)]
PROVIDENCE[MISSING]
RICHMOND[MISSING]
ROCHESTER[MISSING]
ST LOUIS[MISSING]
ST PAUL[(9,5)(14,5)]
SALT LAKE CITY[MISSING]
SAN ANTONIO[MISSING]
SAN DIEGO[MISSING]
SAN FRANCISCO[MISSING]
SEATTLE[MISSING]
SYRACUSE[MISSING]
TOLEDO[(11,11)(16,11)]
TULSA[(10,6)(14,6)]
WASHINGTON[MISSING]
WORCESTER[MISSING]
YOUNGSTOWN[MISSING]
Algorithm time: 361
Character comparisons: 1635200

Short search: 
AKRON[(2,11)(18,11)]
ATLANTA[(1,2)(15,2)]
BALTIMORE[(3,1)(15,1)]
BIRMINGHAM[(10,4)(1,4)]
BOSTON[(0,6)(15,6)]
BUFFALO[(1,5)(15,5)]
CHAUMONT[(8,18)(1,18)]
CHICAGO[(4,7)(18,7)]
CINCINNATI[(13,8)(4,8)]
CLEVELAND[(4,14)(16,14)]
COLUMBUS[(2,5)(9,5)]
DALLAS[(14,17)(9,17)]
DAYTON[(0,4)(15,4)]
DENVER[(13,2)(8,2)]
DES MOINES[(10,10)(2,10)]
DETROIT[(13,1)(7,1)]
EL PASO[(10,11)(5,11)]
FORT WORTH[(14,8)(6,16)]
GRAND RAPIDS[(1,13)(11,13)]
HARTFORD[(17,19)(10,19)]
HOUSTON[(15,14)(9,14)]
INDIANAPOLIS[(5,0)(14,0)]
JACKSONVILLE[(16,17)(7,17)]
JERSEY CITY[(16,3)(7,3)]
KANSAS CITY[(18,12)(7,12)]
LIVERPOOL[(6,15)(18,15)]
LONG BEACH[(9,6)(1,6)]
LOS ANGELES[(9,18)(18,18)]
LOUISVILLE[(0,9)(9,9)]
MEMPHIS[(8,0)(14,0)]
MIAMI[(0,16)(16,16)]
MILWAUKEE[(18,3)(6,3)]
MINNEAPOLIS[(15,7)(5,7)]
NASHVILLE[(3,16)(11,16)]
NEWARK[(17,8)(2,8)]
NEW ORLEANS[(8,19)(19,19)]
NEW YORK[(8,15)(14,15)]
NORFOLK[(2,13)(8,13)]
OAKLAND[(15,10)(1,10)]
OKLAHOMA CITY[MISSING]
OMAHA[(6,2)(2,2)]
OSWEGO[(8,12)(13,12)]
PHILADELPHIA[MISSING]
PITTSBURGH[MISSING]
PORTLAND[(12,9)(19,9)]
PROVIDENCE[MISSING]
RICHMOND[MISSING]
ROCHESTER[MISSING]
ST LOUIS[MISSING]
ST PAUL[(9,5)(14,5)]
SALT LAKE CITY[MISSING]
SAN ANTONIO[MISSING]
SAN DIEGO[MISSING]
SAN FRANCISCO[MISSING]
SEATTLE[MISSING]
SYRACUSE[MISSING]
TOLEDO[(11,11)(16,11)]
TULSA[(10,6)(14,6)]
WASHINGTON[MISSING]
WORCESTER[MISSING]
YOUNGSTOWN[MISSING]
Algorithm time: 211
Character comparisons: 122095

Fast search: 
AKRON[(2,11)(18,11)]
ATLANTA[(1,2)(15,2)]
BALTIMORE[(3,1)(15,1)]
BIRMINGHAM[(10,4)(1,4)]
BOSTON[(0,6)(15,6)]
BUFFALO[(1,5)(15,5)]
CHAUMONT[(8,18)(1,18)]
CHICAGO[(4,7)(18,7)]
CINCINNATI[(13,8)(4,8)]
CLEVELAND[(4,14)(16,14)]
COLUMBUS[(2,5)(9,5)]
DALLAS[(14,17)(9,17)]
DAYTON[(0,4)(15,4)]
DENVER[(13,2)(8,2)]
DES MOINES[(10,10)(2,10)]
DETROIT[(13,1)(7,1)]
EL PASO[(10,11)(5,11)]
FORT WORTH[(14,8)(6,16)]
GRAND RAPIDS[(1,13)(11,13)]
HARTFORD[(17,19)(10,19)]
HOUSTON[(15,14)(9,14)]
INDIANAPOLIS[(5,0)(14,0)]
JACKSONVILLE[(16,17)(7,17)]
JERSEY CITY[(16,3)(7,3)]
KANSAS CITY[(18,12)(7,12)]
LIVERPOOL[(6,15)(18,15)]
LONG BEACH[(9,6)(1,6)]
LOS ANGELES[(9,18)(18,18)]
LOUISVILLE[(0,9)(9,9)]
MEMPHIS[(8,0)(14,0)]
MIAMI[(0,16)(16,16)]
MILWAUKEE[(18,3)(6,3)]
MINNEAPOLIS[(15,7)(5,7)]
NASHVILLE[(3,16)(11,16)]
NEWARK[(17,8)(2,8)]
NEW ORLEANS[(8,19)(19,19)]
NEW YORK[(8,15)(14,15)]
NORFOLK[(2,13)(8,13)]
OAKLAND[(15,10)(1,10)]
OKLAHOMA CITY[MISSING]
OMAHA[(6,2)(2,2)]
OSWEGO[(8,12)(13,12)]
PHILADELPHIA[MISSING]
PITTSBURGH[MISSING]
PORTLAND[(12,9)(19,9)]
PROVIDENCE[MISSING]
RICHMOND[MISSING]
ROCHESTER[MISSING]
ST LOUIS[MISSING]
ST PAUL[(9,5)(14,5)]
SALT LAKE CITY[MISSING]
SAN ANTONIO[MISSING]
SAN DIEGO[MISSING]
SAN FRANCISCO[MISSING]
SEATTLE[MISSING]
SYRACUSE[MISSING]
TOLEDO[(11,11)(16,11)]
TULSA[(10,6)(14,6)]
WASHINGTON[MISSING]
WORCESTER[MISSING]
YOUNGSTOWN[MISSING]
Algorithm time: 10
Character comparisons: 6028
